C51 COMPILER V9.60.0.0   BASKETBALL_COUNTER                                                10/14/2021 20:50:08 PAGE 1   


C51 COMPILER V9.60.0.0, COMPILATION OF MODULE BASKETBALL_COUNTER
OBJECT MODULE PLACED IN .\Objects\Basketball_counter.obj
COMPILER INVOKED BY: D:\rj\Keil_v5\C51\BIN\C51.EXE Basketball_counter.c OPTIMIZE(8,SPEED) BROWSE DEBUG OBJECTEXTEND PRIN
                    -T(.\Listings\Basketball_counter.lst) TABS(2) OBJECT(.\Objects\Basketball_counter.obj)

line level    source

   1          #include <reg51.h>
   2          #define uint  unsigned int
   3          unsigned char table0[]={0x3f,0x06,0x5b,0x4f,0x66,0x6d,0x7d,0x07,0x7f,0x6f};
   4          char sec=5,min=0;att=24;
   5          char m=0;
   6          char Lakers_score=0;
   7          char Warrior_score=0;
   8          
   9          sbit HLA=P1^0;
  10          sbit HLB=P1^1;
  11          sbit HLC=P1^2;
  12          sbit HHA=P1^4;
  13          sbit HHB=P1^5;
  14          sbit HHC=P1^6;
  15          sbit BEEP=P2^7;
  16          sbit LED=P2^0;
  17          sbit Change=P2^1;
  18          sbit key_att=P2^2;
  19          sbit score_1=P2^3;
  20          sbit score_2=P2^4;
  21          sbit score_3=P2^5;
  22          
  23          
  24          void delayms(uint xms)
  25          {
  26   1        uint i,j;
  27   1        for(i=xms;i>0;i--)
  28   1          for(j=110;j>0;j--);
  29   1      
  30   1      }
  31          
  32          void display()
  33          {
  34   1          unsigned char secshi,secge,minshi,minge,attge,attshi;
  35   1          secge=sec%10;
  36   1          secshi=sec/10;
  37   1          minge=min%10;
  38   1          minshi=min/10;
  39   1          attge=att%10;
  40   1          attshi=att/10;
  41   1      
  42   1          HLA=0;HLB=0;HLC=0; //第1位
  43   1          P0=table0[minshi];
  44   1          delayms(1);
  45   1      
  46   1          HLA=1;HLB=0;HLC=0;  //第2位
  47   1          P0=table0[minge];
  48   1          delayms(1);
  49   1      
  50   1          HLA=0;HLB=1;HLC=0;  //第3位
  51   1          P0=table0[secshi];
  52   1          delayms(1);
  53   1      
  54   1          HLA=1;HLB=1;HLC=0;  //第4位
C51 COMPILER V9.60.0.0   BASKETBALL_COUNTER                                                10/14/2021 20:50:08 PAGE 2   

  55   1          P0=table0[secge];
  56   1          delayms(1);
  57   1      
  58   1          HLA=0;HLB=0;HLC=1;  //第5位
  59   1          P0=table0[attshi];
  60   1          delayms(1);
  61   1      
  62   1          HLA=1;HLB=0;HLC=1;  //第6位
  63   1          P0=table0[attge];
  64   1          delayms(1);
  65   1          P0=0x00;          //消影
  66   1      
  67   1      }
  68          
  69          void display_score()
  70          {
  71   1          unsigned char Lakers_scorege,Lakers_scoreshi,Warrior_scorege,Warrior_scoreshi;
  72   1          Lakers_scorege=Lakers_score%10;
  73   1          Lakers_scoreshi=Lakers_score/10;
  74   1          Warrior_scorege=Warrior_score%10;
  75   1          Warrior_scoreshi=Warrior_score/10;
  76   1      
  77   1          HHA=0;HHB=0;HHC=0; //第1位
  78   1          P3=table0[Lakers_scoreshi];
  79   1          delayms(1);
  80   1      
  81   1          HHA=1;HHB=0;HHC=0;  //第2位
  82   1          P3=table0[Lakers_scorege];
  83   1          delayms(1);
  84   1      
  85   1          HHA=0;HHB=1;HHC=0;  //第3位
  86   1          P3=table0[Warrior_scoreshi];
  87   1          delayms(1);
  88   1      
  89   1          HHA=1;HHB=1;HHC=0;  //第4位
  90   1          P3=table0[Warrior_scorege];
  91   1          delayms(1);
  92   1          P0=0x00;
  93   1      }
  94          
  95          void light_falsh()
  96          {
  97   1          LED=~LED;
  98   1          delayms(50);
  99   1      }
 100          
 101          void speak()
 102          {
 103   1          if (sec==0&&min==0)
 104   1          {
 105   2              att=0;
 106   2          }
 107   1          if (att==0)
 108   1          {
 109   2              BEEP=!BEEP;
 110   2          }
 111   1      }
 112          
 113          void keyscan()
 114          {
 115   1          if (key_att==0)
 116   1          {
C51 COMPILER V9.60.0.0   BASKETBALL_COUNTER                                                10/14/2021 20:50:08 PAGE 3   

 117   2              delayms(5);
 118   2              if(key_att==0)
 119   2              att=24;
 120   2              while(!key_att);
 121   2          }
 122   1          if (Change==1)
 123   1          {
 124   2              if (score_1==0)
 125   2              {
 126   3                  delayms(5);
 127   3                  if (score_1==0)
 128   3                  Lakers_score+=1;
 129   3                  while(!score_1);
 130   3              }
 131   2              if (score_2==0)
 132   2              {
 133   3                  delayms(5);
 134   3                  if (score_2==0)
 135   3                  Lakers_score+=2;
 136   3                  while(!score_2);
 137   3      
 138   3              }
 139   2              if (score_3==0)
 140   2              {
 141   3                  delayms(5);
 142   3                  if (score_3==0)
 143   3                  Lakers_score+=3;
 144   3                  while(!score_3);
 145   3              }
 146   2          }
 147   1          else
 148   1          {
 149   2              if (score_1==0)
 150   2              {
 151   3                  delayms(5);
 152   3                  if (score_1==0)
 153   3                  Warrior_score+=1;
 154   3                  while(!score_1);
 155   3              }
 156   2              if (score_2==0)
 157   2              {
 158   3                  delayms(5);
 159   3                  if (score_2==0)
 160   3                  Warrior_score+=2;
 161   3                  while(!score_2);
 162   3      
 163   3              }
 164   2              if (score_3==0)
 165   2              {
 166   3                  delayms(5);
 167   3                  if (score_3==0)
 168   3                  Warrior_score+=3;
 169   3                  while(!score_3);
 170   3              }
 171   2          }
 172   1      }
 173          
 174          void init()//初始化
 175          {
 176   1          TMOD=0x01;
 177   1          TH0=0x3c;
 178   1          TL0=0xb0;
C51 COMPILER V9.60.0.0   BASKETBALL_COUNTER                                                10/14/2021 20:50:08 PAGE 4   

 179   1          EA=1;
 180   1          ET0=1;
 181   1          TR0=1;
 182   1      }
 183          
 184          
 185          void Time_0() interrupt 1  //定时器0
 186          {
 187   1          TH0=0x3c;
 188   1          TL0=0xb0;
 189   1          m++;
 190   1          if (m>=20)
 191   1          {
 192   2              m=0;
 193   2              sec--;
 194   2              att--;
 195   2              if (att<0)
 196   2              {
 197   3                  att=0;
 198   3              }
 199   2              if(sec<=0)
 200   2              {
 201   3                  min--;
 202   3                  sec=59;
 203   3                  if (min<0)
 204   3                  {
 205   4                  min=0;
 206   4                  sec=0;
 207   4                  light_falsh();
 208   4                  }
 209   3              }
 210   2          }
 211   1      }
 212          
 213          
 214          void main()
 215          {
 216   1          init();
 217   1          LED=1;
 218   1        while(1)
 219   1        {
 220   2            display();
 221   2            display_score();
 222   2            keyscan();
 223   2            speak();
 224   2        }
 225   1      } 
 226          


MODULE INFORMATION:   STATIC OVERLAYABLE
   CODE SIZE        =    646    ----
   CONSTANT SIZE    =   ----    ----
   XDATA SIZE       =   ----    ----
   PDATA SIZE       =   ----    ----
   DATA SIZE        =     17       4
   IDATA SIZE       =   ----    ----
   BIT SIZE         =   ----    ----
END OF MODULE INFORMATION.


C51 COMPILATION COMPLETE.  0 WARNING(S),  0 ERROR(S)
